I'm sorry, but errors were detected in your script. Please correct the
errors listed below, and try again.


File "game/script.rpy", line 10: python block expects a non-empty block.
    init python:
                ^

File "game/script.rpy", line 11: expected statement.
    from Node import LinkedList
                               ^

File "game/script.rpy", line 12: expected statement.
    choices = LinkedList()
            ^

Ren'Py Version: Ren'Py 8.2.3.24061702
Sun Jun 23 21:51:16 2024
